------------------------------------------------------------
TimeQuest Timing Analyzer Summary
------------------------------------------------------------

Type  : Slow 1200mV 85C Model Setup 'clk_externo'
Slack : -5.587
TNS   : -95.251

Type  : Slow 1200mV 85C Model Setup 'CONTROLE:control|state.atualizaPC'
Slack : -1.070
TNS   : -8.929

Type  : Slow 1200mV 85C Model Hold 'clk_externo'
Slack : -0.448
TNS   : -0.459

Type  : Slow 1200mV 85C Model Hold 'CONTROLE:control|state.atualizaPC'
Slack : -0.322
TNS   : -3.864

Type  : Slow 1200mV 85C Model Minimum Pulse Width 'clk_externo'
Slack : -3.000
TNS   : -70.914

Type  : Slow 1200mV 85C Model Minimum Pulse Width 'CONTROLE:control|state.atualizaPC'
Slack : -1.000
TNS   : -12.000

Type  : Slow 1200mV 0C Model Setup 'clk_externo'
Slack : -4.961
TNS   : -80.157

Type  : Slow 1200mV 0C Model Setup 'CONTROLE:control|state.atualizaPC'
Slack : -0.828
TNS   : -6.578

Type  : Slow 1200mV 0C Model Hold 'clk_externo'
Slack : -0.461
TNS   : -0.520

Type  : Slow 1200mV 0C Model Hold 'CONTROLE:control|state.atualizaPC'
Slack : -0.241
TNS   : -2.892

Type  : Slow 1200mV 0C Model Minimum Pulse Width 'clk_externo'
Slack : -3.000
TNS   : -70.914

Type  : Slow 1200mV 0C Model Minimum Pulse Width 'CONTROLE:control|state.atualizaPC'
Slack : -1.000
TNS   : -12.000

Type  : Fast 1200mV 0C Model Setup 'clk_externo'
Slack : -2.499
TNS   : -31.460

Type  : Fast 1200mV 0C Model Setup 'CONTROLE:control|state.atualizaPC'
Slack : -0.172
TNS   : -0.612

Type  : Fast 1200mV 0C Model Hold 'clk_externo'
Slack : -0.368
TNS   : -0.985

Type  : Fast 1200mV 0C Model Hold 'CONTROLE:control|state.atualizaPC'
Slack : -0.261
TNS   : -3.132

Type  : Fast 1200mV 0C Model Minimum Pulse Width 'clk_externo'
Slack : -3.000
TNS   : -61.879

Type  : Fast 1200mV 0C Model Minimum Pulse Width 'CONTROLE:control|state.atualizaPC'
Slack : -1.000
TNS   : -12.000

------------------------------------------------------------
